SonarQube:

    -- Code quality analysis tool


Requirements: 
    * JDK/JRE installed
    * Configured JAVA_HOME(in .bashrc file put export JAVA_HOME=/usr/lib/jvm/java-11-openjdk-amd64)
    * Install postgresql
            -- Define Database and give permission(grant with all priviledges)


Installation link: https://kifarunix.com/install-sonarqube-on-ubuntu/

Step 1: Download Sonarqube zip file and unzip
Step 2: Creat folder /opt/sonarqube
Step 3: Create sonarqube user
Step 4: Move unzipped file to /opt/sonarqube
Step 5: Give permission to /opt/sonarqube to an created sonarqube user
Step 6: chmod 755
Step 7: Define sonarqube service

Step 8: edit sonar properties
            -- DB user credentials
            -- DB URL
            -- host: localhost
            -- cotext (optional)

Step 9: vm.max_map_count= 262144
Step 10: start service

## Install Sonarqube

$ sudo sysctl -w vm.max_map_count=262144

$ sudo sysctl -w fs.file-max=65536

$ sudo vi /etc/security/limits.conf

##Add these two lines before end of file.

sonarqube - nofile 65536

sonarqube - nproc 4096


## Install and Setup PostgreSQL 10 Database For SonarQube

$ sudo sh -c 'echo "deb http://apt.postgresql.org/pub/repos/apt/ `lsb_release -cs`-pgdg main" >> /etc/apt/sources.list.d/pgdg.list'

$ wget -q https://www.postgresql.org/media/keys/ACCC4CF8.asc -O - | sudo apt-key add -

$ sudo apt-get -y install postgresql postgresql-contrib

$ sudo systemctl start postgresql

$ sudo systemctl enable postgresql

$ sudo passwd postgres

$ su - postgres

createuser sonar

psql

ALTER USER sonar WITH ENCRYPTED password 'sonar';

CREATE DATABASE sonarqube OWNER sonar;

grant all privileges on DATABASE sonarqube to sonar;

\q

exit
        
$ sudo wget https://binaries.sonarsource.com/Distribution/sonarqube/sonarqube-7.5.zip
$ unzip sonarqube-7.5.zip

$ sudo vi ~/sonarqube-7.5/conf/sonar.properties

##Modify the following lines.

sonar.jdbc.username=sonar

sonar.jdbc.password=sonar

sonar.jdbc.url=jdbc:postgresql://localhost/sonarqube

sonar.web.host=0.0.0.0

sonar.web.port=9000

sonar.web.javaAdditionalOpts=-server


sonar.search.javaOpts=-Xmx512m -Xms512m -XX:+HeapDumpOnOutOfMemoryError

sonar.log.level=INFO

sonar.path.logs=logs


##To Start the Sonarqube

$ ./sonarqube-7.5/bin/linux-x86-64/sonar.sh start

status

stop